
> lavaseco-app@0.1.0 build
> next build --webpack

node.exe : ÔÜá Warning: Next.js inferred your workspace root, but it may not 
be correct.
En línea: 1 Carácter: 1
+ & "C:\Program Files\nodejs/node.exe" "C:\Program Files\nodejs/node_mo ...
+ ~~~~~~~~~~~~~~~~~~~~~~~~~~~~~~~~~~~~~~~~~~~~~~~~~~~~~~~~~~~~~~~~~~~~~
    + CategoryInfo          : NotSpecified: (ÔÜá Warning: Ne...not be correc 
   t.:String) [], RemoteException
    + FullyQualifiedErrorId : NativeCommandError
 
 We detected multiple lockfiles and selected the directory of 
C:\Users\rmend\Desktop\package-lock.json as the root directory.
 To silence this warning, set `outputFileTracingRoot` in your Next.js 
config, or consider removing one of the lockfiles if it's not needed.
   See https://nextjs.org/docs/app/api-reference/config/next-config-js/output
#caveats for more information.
 Detected additional lockfiles: 
   * C:\Users\rmend\Desktop\LAVASECO ORQUIDEAS\lavaseco-app\package-lock.json

Ôû▓ Next.js 16.1.1 (webpack)
- Environments: .env

  Creating an optimized production build ...
 Ô£ô (pwa) Compiling for server...
 Ô£ô (pwa) Compiling for server...
 Ô£ô (pwa) Compiling for client (static)...
 Ôùï (pwa) Service worker: C:\Users\rmend\Desktop\LAVASECO ORQUIDEAS\lavaseco-app\public\service-worker.js
 Ôùï (pwa)   URL: /service-worker.js
 Ôùï (pwa)   Scope: /app/
Ô£ô Compiled successfully in 7.7s
  Running TypeScript ...
Failed to compile.

.next/dev/types/app/dashboard/reception/page.ts:2:24
Type error: Cannot find module 
'../../../../../../src/app/dashboard/reception/page.js' or its corresponding 
type declarations.

[0m [90m 1 |[39m [90m// File: C:\Users\rmend\Desktop\LAVASECO 
ORQUIDEAS\lavaseco-app\src\app\dashboard\reception\page.tsx[39m
[31m[1m>[22m[39m[90m 2 |[39m [36mimport[39m [33m*[39m [36mas[39m 
entry [36mfrom[39m 
[32m'../../../../../../src/app/dashboard/reception/page.js'[39m
 [90m   |[39m                        [31m[1m^[22m[39m
 [90m 3 |[39m [36mimport[39m type { 
[33mResolvingMetadata[39m[33m,[39m [33mResolvingViewport[39m } 
[36mfrom[39m [32m'next/dist/lib/metadata/types/metadata-interface.js'[39m
 [90m 4 |[39m
 [90m 5 |[39m [36mimport[39m type { 
[33mPrefetchForTypeCheckInternal[39m } [36mfrom[39m 
[32m'next/dist/build/segment-config/app/app-segment-config.js'[39m[0m
Next.js build worker exited with code: 1 and signal: null
